
连接器　版本8.7.5.171218
Input Object File: C:\Users\dqt12\AppData\Local\Temp\BS83B12A_LIBV413.OBJ
Input Object File: D:\Git_project\Touch-Slave\OUTPUT\USER_PROGRAM.OBJ
Input Object File: D:\Git_project\Touch-Slave\OUTPUT\MAIN_PROGRAM_V103.OBJ
Input Object File: D:\Git_project\Touch-Slave\OUTPUT\STARTUP0_L.OBJ

Input Library File: C:\Program Files\Holtek MCU Development Tools\HT-IDE3000V7.x\LIB\LIBHOLTEKGCC.LIB
Input Library File: C:\Program Files\Holtek MCU Development Tools\HT-IDE3000V7.x\LIB\v3_tabrd_mrsc.lib


     Bank    Start     End      Length     Class    AvgIns    Name
     00h     0000h     0003h    0004h      CODE               PROGRAM_ENTRY (D:\Git_project\Touch-Slave\OUTPUT\MAIN_PROGRAM_V103.OBJ)
     00h     0004h     0007h    0004h      CODE               @ISR_INT_code (D:\Git_project\Touch-Slave\OUTPUT\USER_PROGRAM.OBJ)
     00h     0008h     0008h    0001h      CODE               TOUCH_INT (C:\Users\dqt12\AppData\Local\Temp\BS83B12A_LIBV413.OBJ)
     00h     0009h     0009h    0001h      CODE               LIBRARY_VERSION (C:\Users\dqt12\AppData\Local\Temp\BS83B12A_LIBV413.OBJ)
     00h     0010h     0013h    0004h      CODE               @IIC_ISR_code (D:\Git_project\Touch-Slave\OUTPUT\USER_PROGRAM.OBJ)
     00h     0014h     0017h    0004h      CODE               TIME_BASE_INT (C:\Users\dqt12\AppData\Local\Temp\BS83B12A_LIBV413.OBJ)
     00h     0018h     04cdh    04b6h      CODE               TKS_LIBRARY_CODE (C:\Users\dqt12\AppData\Local\Temp\BS83B12A_LIBV413.OBJ)
     00h     04ceh     0524h    0057h      CODE               MAIN_PROGRAM (D:\Git_project\Touch-Slave\OUTPUT\MAIN_PROGRAM_V103.OBJ)
     00h     0525h     052ch    0008h      CODE               @crom (D:\Git_project\Touch-Slave\OUTPUT\USER_PROGRAM.OBJ)
     00h     052dh     0573h    0047h      CODE               _DATA_LIST_UPDATA (D:\Git_project\Touch-Slave\OUTPUT\USER_PROGRAM.OBJ)
     00h     0574h     057ch    0009h      CODE               _I2C_LIST_INIT (D:\Git_project\Touch-Slave\OUTPUT\USER_PROGRAM.OBJ)
     00h     057dh     0586h    000ah      CODE               _SYS_LIST_INIT (D:\Git_project\Touch-Slave\OUTPUT\USER_PROGRAM.OBJ)
     00h     0587h     059fh    0019h      CODE               _USER_PROGRAM_INITIAL (D:\Git_project\Touch-Slave\OUTPUT\USER_PROGRAM.OBJ)
     00h     05a0h     05e8h    0049h      CODE               _USER_PROGRAM (D:\Git_project\Touch-Slave\OUTPUT\USER_PROGRAM.OBJ)
     00h     05e9h     0728h    0140h      CODE               _IIC_ISR (D:\Git_project\Touch-Slave\OUTPUT\USER_PROGRAM.OBJ)
     00h     0729h     0731h    0009h      CODE               _ISR_INT (D:\Git_project\Touch-Slave\OUTPUT\USER_PROGRAM.OBJ)
     00h     0732h     073bh    000ah      CODE               __DELAYX (C:\Program Files\Holtek MCU Development Tools\HT-IDE3000V7.x\LIB\LIBHOLTEKGCC.LIB)
     00h     073ch     074bh    0010h      CODE               _CROM2PROM (CROM2PROM)
     00h     0060h     00adh    004eh      DATA     0.5897    TKS_LIBRARY_DATA0 (C:\Users\dqt12\AppData\Local\Temp\BS83B12A_LIBV413.OBJ)
     00h     00aeh     00c6h    0019h      DATA     3.68      @HCCINIT0 (D:\Git_project\Touch-Slave\OUTPUT\USER_PROGRAM.OBJ)
     00h     00c7h     00c8h    0002h      DATA     3         MAIN_DATA (D:\Git_project\Touch-Slave\OUTPUT\MAIN_PROGRAM_V103.OBJ)
     00h     00c9h     00c9h    0001h      DATA     7         @data_ra (C:\Program Files\Holtek MCU Development Tools\HT-IDE3000V7.x\LIB\LIBHOLTEKGCC.LIB)
     00h     00cah     00cah    0001h      DATA     8         @data_rb (C:\Program Files\Holtek MCU Development Tools\HT-IDE3000V7.x\LIB\LIBHOLTEKGCC.LIB)
     00h     00cbh     00cbh    0001h      DATA     5         @data_rc (C:\Program Files\Holtek MCU Development Tools\HT-IDE3000V7.x\LIB\LIBHOLTEKGCC.LIB)
     00h     00cch     00cch    0001h      DATA     2         @data_r110 (isr:ra~rh)
     00h     00cdh     00cdh    0001h      DATA     2         @data_r210 (isr:ra~rh)
     00h     00ceh     00ceh    0001h      DATA     2         @data_r310 (isr:ra~rh)
     00h     00cfh     00cfh    0001h      DATA     2         @data_r410 (isr:ra~rh)
     00h     00d0h     00d0h    0001h      DATA     2         @data_r510 (isr:ra~rh)
     00h     00d1h     00d1h    0001h      DATA     2         @data_r104 (isr:ra~rh)
     00h     00d2h     00d2h    0001h      DATA     2         @data_r204 (isr:ra~rh)
     01h     0080h     00dfh    0060h      DATA     0         TKS_LIBRARY_DATA1 (C:\Users\dqt12\AppData\Local\Temp\BS83B12A_LIBV413.OBJ)

     Local Sections

     Bank    Start     End      Length     Class    AvgIns    Name
     00h     00d5h     00d5h    0000h      LOCAL    0         _USER_PROGRAM_INITIAL (D:\Git_project\Touch-Slave\OUTPUT\USER_PROGRAM.OBJ)
     00h     00d5h     00d5h    0000h      LOCAL    0         _SYS_LIST_INIT (D:\Git_project\Touch-Slave\OUTPUT\USER_PROGRAM.OBJ)
     00h     00d6h     00d6h    0000h      LOCAL    0         _USER_PROGRAM (D:\Git_project\Touch-Slave\OUTPUT\USER_PROGRAM.OBJ)
     00h     00d5h     00d5h    0000h      LOCAL    0         _I2C_LIST_INIT (D:\Git_project\Touch-Slave\OUTPUT\USER_PROGRAM.OBJ)
     00h     00d5h     00d5h    0000h      LOCAL    0         _Crom2Prom (CROM2PROM)
     00h     00d5h     00d5h    0001h      LOCAL    4         _DATA_LIST_UPDATA (D:\Git_project\Touch-Slave\OUTPUT\USER_PROGRAM.OBJ)
     00h     00d5h     00d5h    0000h      LOCAL    0         @dummy16 (D:\Git_project\Touch-Slave\OUTPUT\USER_PROGRAM.OBJ)
     00h     00d3h     00d4h    0002h      LOCAL    27.5      _IIC_ISR (D:\Git_project\Touch-Slave\OUTPUT\USER_PROGRAM.OBJ)
     00h     00d3h     00d3h    0000h      LOCAL    0         @dummy4 (D:\Git_project\Touch-Slave\OUTPUT\USER_PROGRAM.OBJ)
     00h     00d3h     00d3h    0000h      LOCAL    0         _ISR_INT (D:\Git_project\Touch-Slave\OUTPUT\USER_PROGRAM.OBJ)
     00h     00d3h     00d3h    0000h      LOCAL    0         __DELAYX (C:\Program Files\Holtek MCU Development Tools\HT-IDE3000V7.x\LIB\LIBHOLTEKGCC.LIB)

     Public Symbols Information
     Address            Public by Name
     0089h[3]           _ANY_KEY_PRESSF
     0018h              _BS83B12A_LIBV413
     00a2h              _BS83B12A_LIBV413_INITIAL
     012ah              _CHECK_KEY_WAKEUP
     073ch              _Crom2Prom
     073ch              _Crom2PromNext
     006fh              _DATA_BUF
     052dh              _DATA_LIST_UPDATA
     00c6h              _FLAG
     0089h[0]           _FORCE_CALIBRATEF
     04b6h              _GET_ENV_VALUE
     04ach              _GET_KEY_AMOUNT
     04aeh              _GET_KEY_BITMAP
     04a7h              _GET_LIB_VER
     04b3h              _GET_RCC_VALUE
     04b9h              _GET_REF_VALUE
     0060h              _GLOBE_VARIES
     00c0h              _I2C
     052ch              _I2C_Address
     00b4h              _I2C_Data
     0574h              _I2C_LIST_INIT
     0525h              _IC_PAGE_HEAD
     0528h              _IC_PAGE_SIZS
     05e9h              _IIC_ISR
     0729h              _ISR_INT
     007ch              _KEY_DATA
     007ah              _KEY_IO_SEL
     0180h              _KEY_REF
     008ah              _KEY_STATUS
     00a2h              _LIBRARY_RESET
     0502h              _LOAD_HXT_REFERENCE
     0502h              _LOAD_TKS_GLOBE_VARIES
     00b1h              _MCU_INF
     0077h              _SAMPLE_TIMES
     0089h[2]           _SCAN_CYCLEF
     0078h              _STANDBY_TIME
     00aeh              _SYS_INF
     057dh              _SYS_LIST_INIT
     052bh              _SleepTime
     0089h[5]           _TKS_250MSF
     0089h[6]           _TKS_500MSF
     0089h[4]           _TKS_63MSF
     0089h[1]           _TKS_ACTIVEF
     0089h              _TKS_FLAGA
     0079h              _TKS_TIME_BASE
     05a0h              _USER_PROGRAM
     0587h              _USER_PROGRAM_INITIAL
     052bh              _Version
     0735h              __DELAYX0
     0734h              __DELAYX1
     0734h              __DELAYX2
     0733h              __DELAYX3
     0733h              __DELAYX4
     0732h              __DELAYX5
     0732h              __DELAYX6
     00d1h              r104
     00cch              r110
     00d2h              r204
     00cdh              r210
     00ceh              r310
     00cfh              r410
     00d0h              r510
     00c9h              ra
     00cah              rb
     00cbh              rc

     Address            Public by Value
     0018h              _BS83B12A_LIBV413
     0060h              _GLOBE_VARIES
     006fh              _DATA_BUF
     0077h              _SAMPLE_TIMES
     0078h              _STANDBY_TIME
     0079h              _TKS_TIME_BASE
     007ah              _KEY_IO_SEL
     007ch              _KEY_DATA
     0089h              _TKS_FLAGA
     008ah              _KEY_STATUS
     00a2h              _BS83B12A_LIBV413_INITIAL
     00a2h              _LIBRARY_RESET
     00aeh              _SYS_INF
     00b1h              _MCU_INF
     00b4h              _I2C_Data
     00c0h              _I2C
     00c6h              _FLAG
     00c9h              ra
     00cah              rb
     00cbh              rc
     00cch              r110
     00cdh              r210
     00ceh              r310
     00cfh              r410
     00d0h              r510
     00d1h              r104
     00d2h              r204
     012ah              _CHECK_KEY_WAKEUP
     0180h              _KEY_REF
     0089h[0]           _FORCE_CALIBRATEF
     0089h[1]           _TKS_ACTIVEF
     0089h[2]           _SCAN_CYCLEF
     0089h[3]           _ANY_KEY_PRESSF
     0089h[4]           _TKS_63MSF
     0089h[5]           _TKS_250MSF
     0089h[6]           _TKS_500MSF
     04a7h              _GET_LIB_VER
     04ach              _GET_KEY_AMOUNT
     04aeh              _GET_KEY_BITMAP
     04b3h              _GET_RCC_VALUE
     04b6h              _GET_ENV_VALUE
     04b9h              _GET_REF_VALUE
     0502h              _LOAD_TKS_GLOBE_VARIES
     0502h              _LOAD_HXT_REFERENCE
     0525h              _IC_PAGE_HEAD
     0528h              _IC_PAGE_SIZS
     052bh              _SleepTime
     052bh              _Version
     052ch              _I2C_Address
     052dh              _DATA_LIST_UPDATA
     0574h              _I2C_LIST_INIT
     057dh              _SYS_LIST_INIT
     0587h              _USER_PROGRAM_INITIAL
     05a0h              _USER_PROGRAM
     05e9h              _IIC_ISR
     0729h              _ISR_INT
     0732h              __DELAYX5
     0732h              __DELAYX6
     0733h              __DELAYX3
     0733h              __DELAYX4
     0734h              __DELAYX1
     0734h              __DELAYX2
     0735h              __DELAYX0
     073ch              _Crom2PromNext
     073ch              _Crom2Prom


ROM Usage Statistics
     Size      Used     Percentage
     0800h     0746h    90%

RAM Usage Statistics
    Bank      Size      Used     Percentage
     00h       00a0h     0076h    73%
     01h       0080h     0060h    75%
     Total     0120h     00d6h    74%

Use Stack Count
_USER_PROGRAM_INITIAL: 1
_USER_PROGRAM: 2
_IIC_ISR: 0
_ISR_INT: 1

Call Tree
    _USER_PROGRAM_INITIAL
        _SYS_LIST_INIT (0)
    _USER_PROGRAM
        _I2C_LIST_INIT (0)
        _Crom2Prom (0)
        _DATA_LIST_UPDATA (0)
            _Crom2Prom (1)
    @dummy16
        _IIC_ISR (0)
    @dummy4
        _ISR_INT (0)
            __DELAYX (1)

HLINK : 程序的开始执行点在程序段'PROGRAM_ENTRY'（地址0）。定义在'D:\Git_project\Touch-Slave\OUTPUT\MAIN_PROGRAM_V103.OBJ' 文件中

错误总数 : 0  警告总数 : 0
